---
marp: true
theme: uncover
paginate: true
style: |
  @import url('https://cdn.jsdelivr.net/gh/projectnoonnu/noonfonts_2107@1.0/D2CodingBig.css'); 

  /* ê³µí†µ ìŠ¤íƒ€ì¼ */
  section {
    font-family: 'D2CodingBig', monospace;
    text-align: center;
    display: flex;
    flex-direction: column;
    justify-content: center;
    align-items: center;
    padding: 60px;  
    position: relative;
    
  } 
   /*
  section::before {
    content: ":D2BIG";
    position: absolute;
    top: 50%;
    left: 50%;
    transform: translate(-50%, -50%) rotate(-30deg);
    font-size: 8em;
    color: #000;
    opacity: 0.03;
    white-space: nowrap;
    pointer-events: none;
    z-index: 0;
    letter-spacing:-25px;
  } */
  section::before {
    content: "";
    position: absolute;
    top: 50%;
    left: 50%;
    transform: translate(-50%, -50%) rotate(-45deg); /* ëŒ€ê°ì„  ë°°ì¹˜ */
    
    width: 90%;
    height: 90%;
    background-image: url('./images/ì›Œí„°ë§ˆí¬_dbdbig.png'); /* ë¡œê³  ì´ë¯¸ì§€ ê²½ë¡œ */
    background-repeat: no-repeat;
    background-size: contain;
    opacity: 0.65; /* ì€ì€í•˜ê²Œ ë³´ì´ë„ë¡ ì¡°ì • */
    pointer-events: none;
    z-index: 0;
  }

  section h1 {
    font-size: 1.8em;
    margin-bottom: 20px;
    letter-spacing: 0.5px;
  }

  section.cover h1 {
    font-size: 2.5em;
  }

  section h2 {
    font-size: 1.2em;
    margin-bottom: 10px;
    color: #222;
  }



  section h3 {
    font-size: 1em;
    margin-top: 20px;
    margin-bottom: 10px;
    color: #333;
  }

  pre code {
    font-size: 0.9em;
    max-width: 90%;
    text-align: left;
  }

  /* ê³µí†µ cover ìŠ¤íƒ€ì¼ */
  section[class^="cover"] {
    background: linear-gradient(135deg, #feda75, #fa7e1e, #d62976, #962fbf, #4f5bd5);
    position: relative;
    display: flex;
    flex-direction: column;
    justify-content: center;
    align-items: center;
    padding: 100px;
    font-size: 2.5em; /* ì‚´ì§ í‚¤ì›€ */
    color: #fefefe;   /* ë” ë°ê³  ì„¸ë ¨ëœ í†¤ */
    text-shadow: 0 2px 4px rgba(0, 0, 0, 0.3); /* ì…ì²´ê° ì¶”ê°€ */
    line-height: 1.4;
    letter-spacing: 0.8px;
  }

  section[class^="cover"] h1 {
    font-size: 3em;
    font-weight: 700;
    margin-bottom: 20px;
    color: #ffffff;
  }

  section[class^="cover"] h2 {
    font-size: 1.6em;
    font-weight: 400;
    color: #f0f0f0;
    margin-bottom: 10px;
  }
 

  /* ê³¼ëª©ë³„ cover ë°°ê²½ */
  section.cover-githubai {
    background: linear-gradient(135deg, #0f2027, #203a43, #2c5364, #3a6186, #89253e, #ff6e7f);
    color: #fefefe;
  }


  section.cover-html         { background: linear-gradient(135deg, #ffecd2, #fcb69f, #ff9a9e, #fad0c4, #ffe0b2, #ffccbc); color: #222; }
  section.cover-java         { background: linear-gradient(135deg, #f7ff00, #db36a4, #ff6f61, #ff8a65, #ffb74d, #ffd54f); color: #fff; }
  section.cover-mysql        { background: linear-gradient(135deg, #89f7fe, #66a6ff, #4fc3f7, #29b6f6, #0288d1, #01579b); color: #fff; }
  section.cover-python       { background: linear-gradient(135deg, #43cea2, #185a9d, #2b5876, #4e4376, #6a3093, #a044ff); color: #fff; }
  section.cover-jsp          { background: linear-gradient(135deg, #ff9a9e, #fad0c4, #fbc2eb, #a6c1ee, #d4fc79, #96e6a1); color: #222; }
  section.cover-ai           { background: linear-gradient(135deg, #8e2de2, #4a00e0, #6a11cb, #2575fc, #00c6ff, #0072ff); color: #fff; }
  section.cover-docker       { background: linear-gradient(135deg, #00c6ff, #0072ff, #2193b0, #6dd5ed, #b2fefa, #e0f7fa); color: #fff; }
  section.cover-aws          { background: linear-gradient(135deg, #fdfbfb, #ebedee, #d7d2cc, #f0f0f0, #cfd9df, #e2ebf0); color: #333; }
  section.cover-springjpa    { background: linear-gradient(135deg, #00b09b, #96c93d, #56ab2f, #a8e063, #dce35b, #f3f9a7); color: #fff; }
  section.cover-nodereact    { background: linear-gradient(135deg, #ff6a00, #ee0979, #ff4e50, #f9d423, #fbc2eb, #a6c1ee); color: #fff; }
  section.cover-fullstack    { background: linear-gradient(135deg, #f7971e, #ffd200, #ffcc00, #ffb347, #ff7043, #ff5722); color: #222; }
  section.cover-springflutter{ background: linear-gradient(135deg, #a1c4fd, #c2e9fb, #d4fc79, #96e6a1, #fbc2eb, #a6c1ee); color: #222; }

  /* ê°•ì¡° ë°•ìŠ¤: í˜„ì¬ ì±•í„° ìœ„ì¹˜ í‘œì‹œìš© */
  .chapter-highlight {
    background: linear-gradient(135deg, #1c1c1e, #2c2c2e, #3a3a3c);
    color: #fefefe;
    font-size: 0.95em;
    padding: 12px 50px;
    border-radius: 12px;
    margin: 20px;
    max-width: 120%;
    box-shadow: 0 4px 12px rgba(0,0,0,0.3);
    text-align: left;
  }


  /* ëª©ì°¨ ë°•ìŠ¤ - ë°ê³  ê¹”ë”í•œ ìŠ¤íƒ€ì¼ */
  .track-outline {
    background: linear-gradient(135deg, #ffffff, #f7f9fc);
    color: #333;
    font-size: 1.05em;
    line-height: 1.8;
    padding: 20px;
    border-radius: 12px;
    margin: 40px  10px;
    max-width: 150% ;
    text-align: left;
    box-shadow: 0 2px 8px rgba(0, 0, 0, 0.08);
  }

  .track-outline strong {
    font-size: 1.1em;
    color: #007acc;
  }

  .track-outline span {
    display: block;
    margin-bottom: 6px;
    color: #007acc;
  }

  /* í˜„ì¬ ì±•í„° ê°•ì¡° */
  .track-outline .current-chapter {
    background: #e6f7ff;
    border-left: 4px solid #007acc;
    padding: 6px 12px;
    border-radius: 6px;
    font-weight: bold;
    color: #005999;
  }



  table {
    width: 100%;
    border-collapse: collapse;
    margin-top: 20px;
  }

  td, th {
    padding: 12px 16px;
    border-bottom: 1px solid #ddd;
  }

  .mark {
    color: #007acc;
    font-weight: bold;
  }  

  code, pre {
    font-size: 1.2em;
    font-weight: bold;
    background-color: #eef;
    padding: 12px 16px;
    border-radius: 6px;
    display: block;
    width: 120%;              /* ì „ì²´ ë„ˆë¹„ ì‚¬ìš© */
    white-space: pre-wrap;    /* ì¤„ë°”ê¿ˆ í—ˆìš© */
    overflow-x: auto;         /* ê°€ë¡œ ìŠ¤í¬ë¡¤ ê°€ëŠ¥ */
    box-sizing: border-box;   /* padding í¬í•¨í•œ ë„ˆë¹„ ê³„ì‚° */
  }

  pre code {
    display: block;
    width: 100%;               /* ì „ì²´ ë„ˆë¹„ ì‚¬ìš© */
    max-width: 800px;          /* ìµœëŒ€ ë„ˆë¹„ ì„¤ì • */
    margin: 0 auto;            /* ê°€ìš´ë° ì •ë ¬ */
    white-space: pre;          /* ì¤„ë°”ê¿ˆ ë°©ì§€ */
    overflow-x: auto;          /* ê°€ë¡œ ìŠ¤í¬ë¡¤ í—ˆìš© */
    font-size: 1.2em;
    padding: 12px 20px;
    background-color: #f5f5f5;
    border-radius: 8px;
    color: #007acc;
  }


 
  pre {
    max-width: 100%;
    width: fit-content;
  }

  .codeblock {
    background: #f4f4f4;
    color: #007acc;
    padding: 1em;
    border-radius: 8px;
    font-family: 'Courier New', monospace; 
    white-space: pre-wrap; 
    font-size:0.7em;
  }

  /* ì¼ë°˜ ì„¹ì…˜ ë°°ê²½ */
  section.orange   { background: linear-gradient(135deg, #fca65e, #f76b1c); color: #fff; }
  section.blue     { background: linear-gradient(135deg, #6fa3ef, #4169E1); color: #ffffcc; }
  section.green    { background: linear-gradient(135deg, #3cb371, #2E8B57); color: #fff; }
  section.purple   { background: linear-gradient(135deg, #b19cd9, #6A5ACD); color: #ffebff; }
  section.red      { background: linear-gradient(135deg, #ff6f61, #DC143C); color: #ffecec; }
  section.aqua     { background-color: #E0FFFF; color: #222; }
  section.thanks   { background-color: #FDF5E6; color: #444; }
  section.ex       { background-color: #96e6a1; color:#333; }
  

---
<!-- _class: cover-mysql -->
<h4 style="color:#6C757D;">
  <span style="color:#ff6e7f; text-shadow: 0 0 6px rgba(255,110,127,0.6); font-weight:bold;">ğŸš€</span>
  CodeCraft Series Â· Track 03
</h4>
<h1 style="color:#007BFF;">Java Essentials for Beginners</h1>
<h3 style="color:#17A2B8;">ê¸°ì´ˆë¶€í„° ê°ì²´ì§€í–¥ê¹Œì§€, ìë°”ì˜ ëª¨ë“  ê²ƒ</h3>

<!-- í˜„ì¬ ì±•í„° ê°•ì¡° -->
<div class="chapter-highlight">
  ğŸ“ <strong>í˜„ì¬ ìœ„ì¹˜:</strong> Chapter 1Â· <em>ìë°”ë€? Â· ê°œë°œ í™˜ê²½ Â· ì¶œë ¥</em>
</div>

<blockquote>
  <span class="fragment" style="color:#343A40;">ì‰½ê³  íƒ„íƒ„í•˜ê²Œ ë°°ìš°ëŠ” ìë°” ì…ë¬¸ì„œ</span><br>
  <span class="fragment" style="color:#495057;">ì‹¤ìŠµ ì¤‘ì‹¬ìœ¼ë¡œ ê°œë…ì„ ê¿°ëš«ê³ , ì§ì ‘ ì½”ë”©í•˜ë©° ì„±ì¥í•´ìš”</span>
</blockquote>
```


---
<!-- _class: cover-mysql -->
<h2 style="font-size:1.6em; color:#555;">ğŸ“š Java ê¸°ì´ˆ íŠ¸ë™ ëª©ì°¨</h2>

<div class="track-outline">
  <span class="current-chapter">âœ…â–¶ Chapter 1: ìë°”ë€? Â· ê°œë°œ í™˜ê²½ Â· ì¶œë ¥</span>
  <span>â–¶ Chapter 2: ë³€ìˆ˜ Â· ìë£Œí˜• Â· ì…ë ¥</span>
  <span>â–¶ Chapter 3: ì—°ì‚°ì</span>
  <span>â–¶ Chapter 4: ì œì–´ë¬¸</span>
  <span>â–¶ Chapter 5: ë°°ì—´</span>
  <span>â–¶ Chapter 6: ë©”ì„œë“œ</span>
</div>

<p style="margin-top:30px; font-size:0.95em; color:#888;">
  ì´ íŠ¸ë™ì€ ìë°”ì˜ ê¸°ì´ˆ ê°œë…ì„<br/> ì‹¤ìŠµ ì¤‘ì‹¬ìœ¼ë¡œ ë°°ìš°ë©°, ì´í›„ ê°ì²´ì§€í–¥ê³¼ ì‹¬í™” ê°œë…ìœ¼ë¡œ í™•ì¥ë©ë‹ˆë‹¤.
</p>



---
<!-- _class: orange -->

# Q000  SETTING



---
<!-- _class: aqua -->
**â– 1. ë‹¤ìš´ë¡œë“œ ë° ì„¤ì¹˜**
![setting](img/setting000_005.png)



---
<!-- _class: aqua -->
1.  í™ˆí˜ì´ì§€ íšŒì› ê°€ì…í•˜ê¸° ì˜¤ë¼í´ ê³µì‹ í™ˆí˜ì´ì§€(http://www.oracle.com/kr)ì—ì„œ [ë¡œê·¸ì¸/íšŒì›ê°€ì…]ì„ í´ë¦­
2. ê³„ì • í™•ì¸ í›„ ë¡œê·¸ì¸í•˜ê¸° 

3. ì˜¤ë¼í´ 11g ë‹¤ìš´ë¡œë“œ
https://www.oracle.com/database/technologies/xe-prior-release-downloads.html
  [11gë‹¤ìš´ë¡œë“œ](https://www.oracle.com/database/technologies/xe-prior-release-downloads.html)

4. ë‹¤ìš´ë¡œë“œí•œ íŒŒì¼- 64ë¹„íŠ¸ ì„¤ì¹˜

 

---

**â– 2. Scott ì‚¬ìš©í•˜ê¸°**


##### Q000  ORACLE
- oracle ì ‘ê·¼í•˜ê¸°
```sql
C:\Users\sallyAn> sqlplus
Enter user-name: system
Enter password: 1234
```

##### Q001  ê³„ì •ì ê¸ˆ í’€ê¸°
- ì—°ìŠµìš© ê³„ì •ìœ¼ë¡œ ì ‘ê·¼
```sql
ALTER USER SCOTT
IDENTIFIED BY tiger
ACCOUNT UNLOCK;
```
<br/>
<br/>
<br/>

##### Q002 SCOTT ê³„ì •ìœ¼ë¡œ ì¬ì ‘ì†í•˜ê¸°
- ì—°ìŠµìš© ê³„ì •ìœ¼ë¡œ ì ‘ì†ì†
```sql
CONN scott/tiger;
```
##### Q003 emp í…Œì´ë¸” êµ¬ì„±í™•ì¸
- í…Œì´ë¸”ì‚¬ìš©í•´ë³´ê¸°ê¸°
```sql
DESC EMP;
```
<br/>
<br/>
<br/>


##### Q004  SQLPLUS ì¢…ë£Œí•˜ê¸°
```sql
EXIT
```

<br/>
<br/>
<br/>

##### Q005  SQLPLUS ê³„ì •ìœ¼ë¡œ ì ‘ì†í•˜ê¸°
```sql
SQLPLUS scott/tiger
```



<br/>
<br/>
<br/>

---


â– 3. ì‹¤ìŠµ



**STEP1)**
![setting](img/setting000_001.png)
ì˜¤ë¼í´ ê³µì‹ í™ˆí˜ì´ì§€(http://www.oracle.com/kr)

**STEP2)**
![setting](img/setting000_002.png)
**STEP3)**
![setting](img/setting000_003.png)
**STEP4)**
![setting](img/setting000_004.png)
**STEP5)**
![setting](img/setting000_005.png)
 [11gë‹¤ìš´ë¡œë“œ](https://www.oracle.com/database/technologies/xe-prior-release-downloads.html)
(https://www.oracle.com/database/technologies/xe-prior-release-downloads.html)

**STEP6)**
![setting](img/setting000_006.png)
**STEP7)**
![setting](img/setting000_007.png)
**STEP8)**
![setting](img/setting000_008.png)



|||
|-|-|
|**STEP9)** ![setting](img/setting000_009.png)|**STEP10)** ![setting](img/setting000_010.png)|
|**STEP11)** ![setting](img/setting000_011.png)|**STEP12)** ![setting](img/setting000_012.png)|
|**STEP13)** ![setting](img/setting000_013.png)|**STEP14)** ![setting](img/setting000_014.png)|
|**STEP15)** ![setting](img/setting000_015.png)||



**STEP16)**
![setting](img/setting000_016.png)

```sql
C:\Users\sallyAn> sqlplus
Enter user-name: system
Enter password: 1234
```

```sql
Microsoft Windows [Version 10.0.22631.4541]
(c) Microsoft Corporation. All rights reserved.

C:\Users\sallyAn> sqlplus

SQL*Plus: Release 11.2.0.2.0 Production on ê¸ˆ 12ì›” 20 23:49:03 2024

Copyright (c) 1982, 2014, Oracle.  All rights reserved.

Enter user-name: system
Enter password:

Connected to:
Oracle Database 11g Express Edition Release 11.2.0.2.0 - 64bit Production

SQL>
```


**STEP17)**
![setting](img/setting000_017.png)
```sql
conn  scott/tiger
```

**STEP18)**
![setting](img/setting000_018.png)

-  scott userê°€ ì•ˆë‚˜ì˜¬ë•Œ
```sql
SQL> ALTER USER SCOTT IDENTIFIED BY TIGER ACCOUNT UNLOCK;
```
> ORA-01918: user 'SCOTT' does not exist


```sql
SQL>
SQL> ALTER USER SCOTT IDENTIFIED BY TIGER ACCOUNT UNLOCK;
ALTER USER SCOTT IDENTIFIED BY TIGER ACCOUNT UNLOCK
           *
ERROR at line 1:
ORA-01918: user 'SCOTT' does not exist
```

**STEP19)**
![setting](img/setting000_019.png)
-  ë‹¤ìŒê²½ë¡œì˜ scott.sql í™•ì¸
```sql
C:\oraclexe\app\oracle\product\11.2.0\server\rdbms\admin\scott.sql
```



**STEP20)**
![setting](img/setting000_020.png)

- scott ì‚¬ìš©ì„¤ì •
```sql
SQL> @C:\oraclexe\app\oracle\product\11.2.0\server\rdbms\admin\scott.sql
SQL> show user;
SQL> ALTER USER SCOTT IDENTIFIED BY TIGER;
```

```sql
SQL> @C:\oraclexe\app\oracle\product\11.2.0\server\rdbms\admin\scott.sql
SQL>
SQL>
SQL> show user;
USER is "SCOTT"
SQL>
SQL>
SQL> ALTER USER SCOTT IDENTIFIED BY TIGER;

User altered.

SQL>
```



<br/>
<br/>
<br/>

---

**â– 4. SQL Developer ì„¤ì¹˜ ë° ì‹¤í–‰**
1. SQL Developer ë‹¤ìš´ë¡œë“œë“œ
- https://www.oracle.com/kr/downloads/
- ê²€ìƒ‰ : SQL Developer

2. ì„¤ì¹˜ ë° ì‹¤í–‰
3. System
  system
  1234


**STEP1)**
![setting](img/setting003_developer_001.png)
**STEP2)**
![setting](img/setting003_developer_002.png)
**STEP3)**
![setting](img/setting003_developer_003.png)
**STEP4)**
![setting](img/setting003_developer_004.png)
**STEP5)**
![setting](img/setting003_developer_005.png)
**STEP6)**
![setting](img/setting003_developer_006.png)
**STEP7)**
![setting](img/setting003_developer_007.png)
**STEP8)**
![setting](img/setting003_developer_008.png)
**STEP9)**
![setting](img/setting003_developer_009.png)




<br/>
<br/>
<br/>

---

**â– 5. ë‹¤ìŒê³¼ ê°™ì´ SQLë¬¸ì„ ì ‘ê·¼í•˜ì‹œì˜¤.
1. í´ë¡ ì½”ë”©ì„ í•˜ë©´ì„œ SQLë¬¸ì„ ìµíˆì„¸ìš”.
2. `UPGRADE` ëŠ”  í´ë¡ ì½”ë”© SQLë¬¸ì´ ë„ˆë¬´ ì‰½ë‹¤ë©´ ë„ì „!
3. EXë¥¼ ì§ì ‘ í’€ì–´ë³´ë©´ì„œ SQLë¬¸ ì‘ì„±ì´ ê°€ëŠ¥í•œì§€ í™•ì¸í•˜ì„¸ìš”.