---
marp: true
theme: uncover
paginate: true
style: |
  @import url('https://cdn.jsdelivr.net/gh/projectnoonnu/noonfonts_2107@1.0/D2CodingBig.css'); 

  /* ê³µí†µ ìŠ¤íƒ€ì¼ */
  section {
    font-family: 'D2CodingBig', monospace;
    text-align: center;
    display: flex;
    flex-direction: column;
    justify-content: center;
    align-items: center;
    padding: 60px;  
    position: relative;
    
  } 
   /*
  section::before {
    content: ":D2BIG";
    position: absolute;
    top: 50%;
    left: 50%;
    transform: translate(-50%, -50%) rotate(-30deg);
    font-size: 8em;
    color: #000;
    opacity: 0.03;
    white-space: nowrap;
    pointer-events: none;
    z-index: 0;
    letter-spacing:-25px;
  } */
  section::before {
    content: "";
    position: absolute;
    top: 50%;
    left: 50%;
    transform: translate(-50%, -50%) rotate(-45deg); /* ëŒ€ê°ì„  ë°°ì¹˜ */
    
    width: 90%;
    height: 90%;
    background-image: url('./images/ì›Œí„°ë§ˆí¬_dbdbig.png'); /* ë¡œê³  ì´ë¯¸ì§€ ê²½ë¡œ */
    background-repeat: no-repeat;
    background-size: contain;
    opacity: 0.65; /* ì€ì€í•˜ê²Œ ë³´ì´ë„ë¡ ì¡°ì • */
    pointer-events: none;
    z-index: 0;
  }

  section h1 {
    font-size: 1.8em;
    margin-bottom: 20px;
    letter-spacing: 0.5px;
  }

  section.cover h1 {
    font-size: 2.5em;
  }

  section h2 {
    font-size: 1.2em;
    margin-bottom: 10px;
    color: #222;
  }



  section h3 {
    font-size: 1em;
    margin-top: 20px;
    margin-bottom: 10px;
    color: #333;
  }

  pre code {
    font-size: 0.9em;
    max-width: 90%;
    text-align: left;
  }

  /* ê³µí†µ cover ìŠ¤íƒ€ì¼ */
  section[class^="cover"] {
    background: linear-gradient(135deg, #feda75, #fa7e1e, #d62976, #962fbf, #4f5bd5);
    position: relative;
    display: flex;
    flex-direction: column;
    justify-content: center;
    align-items: center;
    padding: 100px;
    font-size: 2.5em; /* ì‚´ì§ í‚¤ì›€ */
    color: #fefefe;   /* ë” ë°ê³  ì„¸ë ¨ëœ í†¤ */
    text-shadow: 0 2px 4px rgba(0, 0, 0, 0.3); /* ì…ì²´ê° ì¶”ê°€ */
    line-height: 1.4;
    letter-spacing: 0.8px;
  }

  section[class^="cover"] h1 {
    font-size: 3em;
    font-weight: 700;
    margin-bottom: 20px;
    color: #ffffff;
  }

  section[class^="cover"] h2 {
    font-size: 1.6em;
    font-weight: 400;
    color: #f0f0f0;
    margin-bottom: 10px;
  }
 

  /* ê³¼ëª©ë³„ cover ë°°ê²½ */
  section.cover-githubai {
    background: linear-gradient(135deg, #0f2027, #203a43, #2c5364, #3a6186, #89253e, #ff6e7f);
    color: #fefefe;
  }


  section.cover-html         { background: linear-gradient(135deg, #ffecd2, #fcb69f, #ff9a9e, #fad0c4, #ffe0b2, #ffccbc); color: #222; }
  section.cover-java         { background: linear-gradient(135deg, #f7ff00, #db36a4, #ff6f61, #ff8a65, #ffb74d, #ffd54f); color: #fff; }
  section.cover-oracle        { background: linear-gradient(135deg, #89f7fe, #66a6ff, #4fc3f7, #29b6f6, #0288d1, #01579b); color: #fff; }
  section.cover-python       { background: linear-gradient(135deg, #43cea2, #185a9d, #2b5876, #4e4376, #6a3093, #a044ff); color: #fff; }
  section.cover-jsp          { background: linear-gradient(135deg, #ff9a9e, #fad0c4, #fbc2eb, #a6c1ee, #d4fc79, #96e6a1); color: #222; }
  section.cover-ai           { background: linear-gradient(135deg, #8e2de2, #4a00e0, #6a11cb, #2575fc, #00c6ff, #0072ff); color: #fff; }
  section.cover-docker       { background: linear-gradient(135deg, #00c6ff, #0072ff, #2193b0, #6dd5ed, #b2fefa, #e0f7fa); color: #fff; }
  section.cover-aws          { background: linear-gradient(135deg, #fdfbfb, #ebedee, #d7d2cc, #f0f0f0, #cfd9df, #e2ebf0); color: #333; }
  section.cover-springjpa    { background: linear-gradient(135deg, #00b09b, #96c93d, #56ab2f, #a8e063, #dce35b, #f3f9a7); color: #fff; }
  section.cover-nodereact    { background: linear-gradient(135deg, #ff6a00, #ee0979, #ff4e50, #f9d423, #fbc2eb, #a6c1ee); color: #fff; }
  section.cover-fullstack    { background: linear-gradient(135deg, #f7971e, #ffd200, #ffcc00, #ffb347, #ff7043, #ff5722); color: #222; }
  section.cover-springflutter{ background: linear-gradient(135deg, #a1c4fd, #c2e9fb, #d4fc79, #96e6a1, #fbc2eb, #a6c1ee); color: #222; }

  /* ê°•ì¡° ë°•ìŠ¤: í˜„ì¬ ì±•í„° ìœ„ì¹˜ í‘œì‹œìš© */
  .chapter-highlight {
    background: linear-gradient(135deg, #1c1c1e, #2c2c2e, #3a3a3c);
    color: #fefefe;
    font-size: 0.95em;
    padding: 12px 50px;
    border-radius: 12px;
    margin: 20px;
    max-width: 120%;
    box-shadow: 0 4px 12px rgba(0,0,0,0.3);
    text-align: left;
  }


  /* ëª©ì°¨ ë°•ìŠ¤ - ë°ê³  ê¹”ë”í•œ ìŠ¤íƒ€ì¼ */
  .track-outline {
    background: linear-gradient(135deg, #ffffff, #f7f9fc);
    color: #333;
    font-size: 1.05em;
    line-height: 1.8;
    padding: 20px;
    border-radius: 12px;
    margin: 40px  10px;
    max-width: 150% ;
    text-align: left;
    box-shadow: 0 2px 8px rgba(0, 0, 0, 0.08);
  }

  .track-outline strong {
    font-size: 1.1em;
    color: #007acc;
  }

  .track-outline span {
    display: block;
    margin-bottom: 6px;
    color: #007acc;
  }

  /* í˜„ì¬ ì±•í„° ê°•ì¡° */
  .track-outline .current-chapter {
    background: #e6f7ff;
    border-left: 4px solid #007acc;
    padding: 6px 12px;
    border-radius: 6px;
    font-weight: bold;
    color: #005999;
  }



  table {
    width: 100%;
    border-collapse: collapse;
    margin-top: 20px;
  }

  td, th {
    padding: 12px 16px;
    border-bottom: 1px solid #ddd;
  }

  .mark {
    color: #007acc;
    font-weight: bold;
  }  

  code, pre {
    font-size: 1.2em;
    font-weight: bold;
    background-color: #eef;
    padding: 12px 16px;
    border-radius: 6px;
    display: block;
    width: 120%;              /* ì „ì²´ ë„ˆë¹„ ì‚¬ìš© */
    white-space: pre-wrap;    /* ì¤„ë°”ê¿ˆ í—ˆìš© */
    overflow-x: auto;         /* ê°€ë¡œ ìŠ¤í¬ë¡¤ ê°€ëŠ¥ */
    box-sizing: border-box;   /* padding í¬í•¨í•œ ë„ˆë¹„ ê³„ì‚° */
  }

  pre code {
    display: block;
    width: 100%;               /* ì „ì²´ ë„ˆë¹„ ì‚¬ìš© */
    max-width: 800px;          /* ìµœëŒ€ ë„ˆë¹„ ì„¤ì • */
    margin: 0 auto;            /* ê°€ìš´ë° ì •ë ¬ */
    white-space: pre;          /* ì¤„ë°”ê¿ˆ ë°©ì§€ */
    overflow-x: auto;          /* ê°€ë¡œ ìŠ¤í¬ë¡¤ í—ˆìš© */
    font-size: 1.2em;
    padding: 12px 20px;
    background-color: #f5f5f5;
    border-radius: 8px;
    color: #007acc;
  }


 
  pre {
    max-width: 100%;
    width: fit-content;
  }

  .codeblock {
    background: #f4f4f4;
    color: #007acc;
    padding: 1em;
    border-radius: 8px;
    font-family: 'Courier New', monospace; 
    white-space: pre-wrap; 
    font-size:0.7em;
  }

  /* ì¼ë°˜ ì„¹ì…˜ ë°°ê²½ */
  section.orange   { background: linear-gradient(135deg, #fca65e, #f76b1c); color: #fff; }
  section.blue     { background: linear-gradient(135deg, #6fa3ef, #4169E1); color: #ffffcc; }
  section.green    { background: linear-gradient(135deg, #3cb371, #2E8B57); color: #fff; }
  section.purple   { background: linear-gradient(135deg, #b19cd9, #6A5ACD); color: #ffebff; }
  section.red      { background: linear-gradient(135deg, #ff6f61, #DC143C); color: #ffecec; }
  section.aqua     { background-color: #E0FFFF; color: #222; }
  section.thanks   { background-color: #FDF5E6; color: #444; }
  section.ex       { background-color: #96e6a1; color:#333; }
  

---
<!-- _class: cover-oracle -->
<h4 style="color:#6C757D;">
  <span style="color:#ff6e7f; text-shadow: 0 0 6px rgba(255,110,127,0.6); font-weight:bold;">ğŸ§ </span>
  CodeCraft Series Â· Track 02
</h4>
<h1 style="color:#007BFF;">Oracle Fundamentals</h1>
<h3 style="color:#17A2B8;">SQLë¶€í„° PL/SQLê¹Œì§€, ì˜¤ë¼í´ì˜ í•µì‹¬ì„ ì¡ë‹¤</h3>

<!-- í˜„ì¬ ì±•í„° ê°•ì¡° -->
<div class="chapter-highlight">
  ğŸ“ <strong>í˜„ì¬ ìœ„ì¹˜:</strong> Chapter 1 Â· <em>ì˜¤ë¼í´ í™˜ê²½ ì„¤ì • Â· ê¸°ë³¸ SELECT</em>
</div>

<blockquote>
  <span class="fragment" style="color:#343A40;">ì‹¤ë¬´ì— ë°”ë¡œ ì ìš© ê°€ëŠ¥í•œ ì˜¤ë¼í´ ì…ë¬¸ì„œ</span><br>
  <span class="fragment" style="color:#495057;">ë°ì´í„°ë¥¼ ë‹¤ë£¨ëŠ” í˜, SQLë¡œ ì‹œì‘í•´ìš”</span>
</blockquote>


---
<!-- _class: cover-oracle -->
<h2 style="font-size:1.6em; color:#555;">ğŸ“š Oracle íŠ¸ë™ ëª©ì°¨</h2>
  <strong style="color:#FF6E7F;">PART 1 Â· SQL ê¸°ë³¸</strong>
<div class="track-outline">
  <span class="current-chapter">âœ…â–¶ Chapter 01: oracle_setting</span>
  <span>â–¶ Chapter 02: select_basic</span>
  <span>â–¶ Chapter 03: select_where</span>
  <span>â–¶ Chapter 04: select_fn</span>
  <span>â–¶ Chapter 05: select_group</span>
  <span>â–¶ Chapter 06: select_join</span>
  <span>â–¶ Chapter 07: select_subquery</span>
</div>


---
<!-- _class: cover-oracle -->
<h2 style="font-size:1.6em; color:#555;">ğŸ“š Oracle íŠ¸ë™ ëª©ì°¨</h2>
 <strong style="color:#FF6E7F;">PART 2 Â· ë°ì´í„° ì¡°ì‘ ë° ê°ì²´</strong> 
<div class="track-outline"> 
  <span>â–¶ Chapter 08: update_delete</span>
  <span>â–¶ Chapter 09: transaction</span>
  <span>â–¶ Chapter 10: ddl</span>
  <span>â–¶ Chapter 11: object</span>
  <span>â–¶ Chapter 12: constraint</span>
  <span>â–¶ Chapter 13: user</span>
</div>


---
<!-- _class: cover-oracle -->
<h2 style="font-size:1.6em; color:#555;">ğŸ“š Oracle íŠ¸ë™ ëª©ì°¨</h2>
<strong style="color:#FF6E7F;">PART 3 Â· PL/SQL ì‹¬í™”</strong>
<div class="track-outline">  
  <span>â–¶ Chapter 14: plsql</span>
  <span>â–¶ Chapter 15: record</span>
  <span>â–¶ Chapter 16: cursor</span>
  <span>â–¶ Chapter 17: save</span>
</div>

<p style="margin-top:30px; font-size:0.95em; color:#888;">
  ì´ íŠ¸ë™ì€ ì˜¤ë¼í´ì˜ ê¸°ë³¸ SQLë¶€í„° ê°ì²´ ê´€ë¦¬, PL/SQLê¹Œì§€<br/> ì‹¤ë¬´ ì¤‘ì‹¬ìœ¼ë¡œ ë°°ìš°ë©°, ë°ì´í„°ë² ì´ìŠ¤ ì „ë¬¸ê°€ë¡œ ì„±ì¥í•©ë‹ˆë‹¤.
</p>
 


 
 
 
---
<!-- _class: orange -->
# ğŸ§© Step 1: í•µì‹¬ ê°œë…  

***Oracle 11g ì„¤ì¹˜ ë° SCOTT ê³„ì • ì„¤ì •***  
1.  ***ì„¤ì¹˜***, 
2.  ***ê³„ì • ìƒì„±/ì ê¸ˆ í•´ì œ***, 
3.  ***SQL*Plus ì ‘ì†***, 
4.  ***SQL Developer ì‚¬ìš©***


---
<!-- _class: aqua -->
###  ğŸ” (1) ê¸°ë³¸ ì„¤ì¹˜ ë‹¨ê³„  
1. ì˜¤ë¼í´ ê³µì‹ í™ˆí˜ì´ì§€ì—ì„œ íšŒì›ê°€ì… ë° ë¡œê·¸ì¸  
2. Oracle 11g Express Edition ë‹¤ìš´ë¡œë“œ  
3. 64ë¹„íŠ¸ ì„¤ì¹˜ íŒŒì¼ ì‹¤í–‰  
4. SQL*Plus ì‹¤í–‰ í›„ system ê³„ì •ìœ¼ë¡œ ë¡œê·¸ì¸  

---
<!-- _class: aqua -->
### ğŸ§© (2) SCOTT ê³„ì • ì„¤ì •  
1. SCOTT ê³„ì • ì ê¸ˆ í•´ì œ ë° ë¹„ë°€ë²ˆí˜¸ ì„¤ì •  
2. SCOTT ê³„ì •ìœ¼ë¡œ ì ‘ì†  
3. EMP í…Œì´ë¸” êµ¬ì¡° í™•ì¸  
4. SQL*Plus ì¢…ë£Œ ë° ì¬ì ‘ì†  

---

<!-- _class: aqua -->
### ğŸ”— (3) ì˜¤ë¥˜ í•´ê²° ë° ê³„ì • ìƒì„±  
1 SCOTT ê³„ì •ì´ ì—†ì„ ê²½ìš° scott.sql ì‹¤í–‰  
2 ê³„ì • ìƒì„± í›„ ë¹„ë°€ë²ˆí˜¸ ì„¤ì •  
3 show userë¡œ í˜„ì¬ ì‚¬ìš©ì í™•ì¸  

---

<!-- _class: blue -->
# ğŸ§ª Step 2: ì½”ë“œ ì˜ˆì œ

---

<!-- _class: aqua -->

<pre class="codeblock">
-- SQL*Plus ì‹¤í–‰
C:\Users\sallyAn> sqlplus
Enter user-name: system
Enter password: 1234

-- SCOTT ê³„ì • ì ê¸ˆ í•´ì œ
ALTER USER SCOTT IDENTIFIED BY tiger ACCOUNT UNLOCK;

-- SCOTT ê³„ì •ìœ¼ë¡œ ì ‘ì†
CONN scott/tiger;

-- EMP í…Œì´ë¸” êµ¬ì¡° í™•ì¸
DESC EMP;

-- SQL*Plus ì¢…ë£Œ
EXIT;

-- SCOTT ê³„ì •ìœ¼ë¡œ ë°”ë¡œ ì ‘ì†
SQLPLUS scott/tiger;
</pre>

---

<!-- _class: aqua -->

## âœ… ëª…ë ¹ì–´ ìš”ì•½í‘œ (1/2)

| ëª…ë ¹ì–´ | ì„¤ëª… |
|--------|------|
| sqlplus | SQL*Plus ì‹¤í–‰ |
| ALTER USER SCOTT IDENTIFIED BY tiger ACCOUNT UNLOCK; | SCOTT ê³„ì • ì ê¸ˆ í•´ì œ |
| CONN scott/tiger; | SCOTT ê³„ì •ìœ¼ë¡œ ì ‘ì† | 
---

<!-- _class: aqua -->

## âœ… ëª…ë ¹ì–´ ìš”ì•½í‘œ (2/2)

| ëª…ë ¹ì–´ | ì„¤ëª… |
|--------|------| 
| DESC EMP; | EMP í…Œì´ë¸” êµ¬ì¡° í™•ì¸ |
| EXIT | SQL*Plus ì¢…ë£Œ |
| SQLPLUS scott/tiger | SCOTT ê³„ì •ìœ¼ë¡œ ë°”ë¡œ ì ‘ì† |


---

<!-- _class: aqua -->

- ***sqlplus*** ëŠ” SQL*Plusë¥¼ ì‹¤í–‰í•˜ëŠ” ëª…ë ¹ì–´  
- ***ALTER USER*** ëŠ” ê³„ì •ì˜ ìƒíƒœë¥¼ ë³€ê²½  
- ***CONN*** ì€ ë‹¤ë¥¸ ê³„ì •ìœ¼ë¡œ ì ‘ì†  
- ***DESC*** ëŠ” í…Œì´ë¸” êµ¬ì¡°ë¥¼ í™•ì¸  
- ***EXIT*** ëŠ” SQL*Plusë¥¼ ì¢…ë£Œ  

---
<!-- _class: green -->
# ğŸ§ª Step 3: ì—°ìŠµë¬¸ì œ



---
<!-- _class: aqua -->
# ğŸ§ª Step 3:  (1) oracle ì ‘ê·¼í•˜ê¸°
<pre class="codeblock">
C:\Users\sallyAn> sqlplus
Enter user-name: system
Enter password: 1234
</pre>


---
<!-- _class: aqua -->
# ğŸ§ª Step 3:  (2) ê³„ì •ì ê¸ˆ í’€ê¸°  
## ì—°ìŠµìš© ê³„ì •ìœ¼ë¡œ ì ‘ê·¼
<pre class="codeblock">
ALTER USER SCOTT
IDENTIFIED BY tiger
ACCOUNT UNLOCK;
</pre>


---
<!-- _class: aqua -->
# ğŸ§ª Step 3:  (3)  SCOTT ê³„ì •ìœ¼ë¡œ ì¬ì ‘ì†í•˜ê¸°
<pre class="codeblock">
CONN scott/tiger;
</pre>

---
<!-- _class: aqua -->
# ğŸ§ª Step 3:  (4)  emp í…Œì´ë¸” êµ¬ì„±í™•ì¸
<pre class="codeblock">
DESC EMP;
</pre>

---
<!-- _class: aqua -->
# ğŸ§ª Step 3:  (4)  SQLPLUS ê³„ì •ìœ¼ë¡œ ì ‘ì†í•˜ê¸°
<pre class="codeblock">
SQLPLUS scott/tiger
</pre>


<!-- <img src="./chapter7-1/033.png" alt="" width="90%" /> -->


---
<!-- _class: aqua -->
**STEP1)**
<img src="./img/setting000_001.png" alt="" width="90%" />

---
<!-- _class: aqua -->
ì˜¤ë¼í´ ê³µì‹ í™ˆí˜ì´ì§€(http://www.oracle.com/kr)

---
<!-- _class: aqua -->
**STEP2)**
<img src="./img/setting000_002.png" alt="" width="90%" />

---
<!-- _class: aqua -->
**STEP3)**
<img src="./img/setting000_003.png" alt="" width="90%" />

---
<!-- _class: aqua -->
**STEP4)**
<img src="./img/setting000_004.png" alt="" width="90%" />

---
<!-- _class: aqua -->
**STEP5)**
<img src="./img/setting000_005.png" alt="" width="90%" />

---
<!-- _class: aqua -->
 [11gë‹¤ìš´ë¡œë“œ](https://www.oracle.com/database/technologies/xe-prior-release-downloads.html)
(https://www.oracle.com/database/technologies/xe-prior-release-downloads.html)



---
<!-- _class: aqua -->
**STEP6)**
<img src="./img/setting000_006.png" alt="" width="90%" />

---
<!-- _class: aqua -->
**STEP7)**
<img src="./img/setting000_007.png" alt="" width="90%" />

---
<!-- _class: aqua -->
**STEP8)**
<img src="./img/setting000_008.png" alt="" width="90%" />


---
<!-- _class: aqua -->
**STEP9)** <img src="./img/setting000_009.png" alt="" width="90%" />

---
<!-- _class: aqua -->
**STEP10)** <img src="./img/setting000_010.png" alt="" width="90%" />

---
<!-- _class: aqua -->
**STEP11)** <img src="./img/setting000_011.png" alt="" width="90%" />

---
<!-- _class: aqua -->
**STEP12)** <img src="./img/setting000_012.png" alt="" width="90%" />

---
<!-- _class: aqua -->
**STEP13)** <img src="./img/setting000_013.png" alt="" width="90%" />

---
<!-- _class: aqua -->
**STEP14)** <img src="./img/setting000_014.png" alt="" width="90%" />

---
<!-- _class: aqua -->
**STEP15)** <img src="./img/setting000_015.png" alt="" width="90%" />

---
<!-- _class: aqua -->
**STEP16)**
<img src="./img/setting000_016.png" alt="" width="90%" />

---
<!-- _class: aqua -->
<pre class="codeblock">
C:\Users\sallyAn> sqlplus
Enter user-name: system
Enter password: 1234
</pre>

---
<!-- _class: aqua -->
**STEP17)**
<img src="./img/setting000_017.png" alt="" width="90%" />

---
<!-- _class: aqua -->
<pre class="codeblock">
conn  scott/tiger
</pre>
---
<!-- _class: aqua -->
**STEP18)**
<img src="./img/setting000_018.png" alt="" width="90%" />


---
<!-- _class: aqua -->
-  scott userê°€ ì•ˆë‚˜ì˜¬ë•Œ
<pre class="codeblock">
SQL> ALTER USER SCOTT IDENTIFIED BY TIGER ACCOUNT UNLOCK;
</pre>
> ORA-01918: user 'SCOTT' does not exist

---
<!-- _class: aqua -->
<pre class="codeblock">
SQL>
SQL> ALTER USER SCOTT IDENTIFIED BY TIGER ACCOUNT UNLOCK;
ALTER USER SCOTT IDENTIFIED BY TIGER ACCOUNT UNLOCK
           *
ERROR at line 1:
ORA-01918: user 'SCOTT' does not exist
</pre>
---
<!-- _class: aqua -->
**STEP19)**
<img src="./img/setting000_019.png" alt="" width="90%" />

---
<!-- _class: aqua -->
-  ë‹¤ìŒê²½ë¡œì˜ scott.sql í™•ì¸
<pre class="codeblock">
C:\oraclexe\app\oracle\product\11.2.0\server\rdbms\admin\scott.sql
</pre>

---
<!-- _class: aqua -->
**STEP20)**
<img src="./img/setting000_020.png" alt="" width="90%" />

---
<!-- _class: aqua -->
- scott ì‚¬ìš©ì„¤ì •
<pre class="codeblock">
SQL> @C:\oraclexe\app\oracle\product\11.2.0\server\rdbms\admin\scott.sql
SQL> show user;
SQL> ALTER USER SCOTT IDENTIFIED BY TIGER;
</pre>
---
<!-- _class: aqua -->

<pre class="codeblock">
SQL> @C:\oraclexe\app\oracle\product\11.2.0\server\rdbms\admin\scott.sql
SQL>
SQL>
SQL> show user;
USER is "SCOTT"
SQL>
SQL>
SQL> ALTER USER SCOTT IDENTIFIED BY TIGER;

User altered.

</pre>


---
<!-- _class: aqua -->

#### â– 4. SQL Developer ì„¤ì¹˜ ë° ì‹¤í–‰

1. SQL Developer ë‹¤ìš´ë¡œë“œë“œ
  - https://www.oracle.com/kr/downloads/
  - ê²€ìƒ‰ : SQL Developer

2. ì„¤ì¹˜ ë° ì‹¤í–‰
3. System
   system
   1234

---
<!-- _class: aqua -->
**STEP1)**
<img src="img/setting003_developer_001.png" alt="" width="90%" />

---
<!-- _class: aqua -->
**STEP2)**
<img src="img/setting003_developer_002.png" alt="" width="90%" />

---
<!-- _class: aqua -->
**STEP3)**
<img src="img/setting003_developer_003.png" alt="" width="90%" />

---
<!-- _class: aqua -->
**STEP4)**
<img src="img/setting003_developer_004.png" alt="" width="90%" />

---
<!-- _class: aqua -->
**STEP5)**
<img src="img/setting003_developer_005.png" alt="" width="90%" />

---
<!-- _class: aqua -->
**STEP6)**
<img src="img/setting003_developer_006.png" alt="" width="90%" />

---
<!-- _class: aqua -->
**STEP7)**
<img src="img/setting003_developer_007.png" alt="" width="90%" />

---
<!-- _class: aqua -->
**STEP8)**
<img src="img/setting003_developer_008.png" alt="" width="90%" />

---
<!-- _class: aqua -->
**STEP9)**
<img src="img/setting003_developer_009.png" alt="" width="90%" />






---
<!-- _class: aqua -->

1. ALTER USER SCOTT IDENTIFIED BY tiger ACCOUNT UNLOCK; ëª…ë ¹ì–´ì˜ ëª©ì ì€?  
2. DESC EMP; ëª…ë ¹ì–´ëŠ” ì–´ë–¤ ì •ë³´ë¥¼ ë³´ì—¬ì£¼ë‚˜ìš”?  
3. SCOTT ê³„ì •ì´ ì—†ì„ ê²½ìš° ì–´ë–¤ íŒŒì¼ì„ ì‹¤í–‰í•´ì•¼ í•˜ë‚˜ìš”?  
4. SQLPLUS scott/tiger ëª…ë ¹ì–´ëŠ” ì–´ë–¤ ìƒí™©ì—ì„œ ì‚¬ìš©í•˜ë‚˜ìš”?

---

<!-- _class: red -->
# ğŸ§ª Step 5: ê¸°ì–µ í…ŒìŠ¤íŠ¸

---

<!-- _class: aqua -->

- sqlplus ëª…ë ¹ì–´ëŠ” ì–´ë–¤ í”„ë¡œê·¸ë¨ì„ ì‹¤í–‰í•˜ë‚˜ìš”?  
- ALTER USER ëª…ë ¹ì–´ëŠ” ì–´ë–¤ ì‘ì—…ì„ ìˆ˜í–‰í•˜ë‚˜ìš”?  
- CONN ëª…ë ¹ì–´ëŠ” ì–´ë–¤ ê¸°ëŠ¥ì„ í•˜ë‚˜ìš”?  
- DESC ëª…ë ¹ì–´ëŠ” ì–´ë–¤ ì •ë³´ë¥¼ ì œê³µí•˜ë‚˜ìš”?  
- EXIT ëª…ë ¹ì–´ëŠ” ì–´ë–¤ ë™ì‘ì„ í•˜ë‚˜ìš”?
 

---

<!-- _class: thanks -->
## ğŸ‘‹ ì—´ì‹¬íˆ ë“¤ì–´ì£¼ì…”ì„œ ê°ì‚¬í•©ë‹ˆë‹¤!
 
> <span class="fragment">ì˜¤ëŠ˜ì˜ í•œ ê±¸ìŒì´ **ë‚´ì¼ì˜ ê°€ëŠ¥ì„±**ì´ ë˜ê¸¸ ë°”ë¼ë©°,</span>
  